// Jest Snapshot v1, https://goo.gl/fbAQLP

exports[`Button should renders default 1`] = `
<styled.button
  onClick={[Function]}
>
  Login
</styled.button>
`;
